Archive member included to satisfy reference by file (symbol)

D:/software/stm32cubide/STM32CubeIDE_1.13.2/STM32CubeIDE/plugins/com.st.stm32cube.ide.mcu.externaltools.gnu-tools-for-stm32.11.3.rel1.win32_1.1.1.202309131626/tools/bin/../lib/gcc/arm-none-eabi/11.3.1/../../../../arm-none-eabi/lib/thumb/v7e-m+fp/hard\libc_nano.a(libc_a-exit.o)
                              D:/software/stm32cubide/STM32CubeIDE_1.13.2/STM32CubeIDE/plugins/com.st.stm32cube.ide.mcu.externaltools.gnu-tools-for-stm32.11.3.rel1.win32_1.1.1.202309131626/tools/bin/../lib/gcc/arm-none-eabi/11.3.1/../../../../arm-none-eabi/lib/thumb/v7e-m+fp/hard/crt0.o (exit)
D:/software/stm32cubide/STM32CubeIDE_1.13.2/STM32CubeIDE/plugins/com.st.stm32cube.ide.mcu.externaltools.gnu-tools-for-stm32.11.3.rel1.win32_1.1.1.202309131626/tools/bin/../lib/gcc/arm-none-eabi/11.3.1/../../../../arm-none-eabi/lib/thumb/v7e-m+fp/hard\libc_nano.a(libc_a-findfp.o)
                              D:/software/stm32cubide/STM32CubeIDE_1.13.2/STM32CubeIDE/plugins/com.st.stm32cube.ide.mcu.externaltools.gnu-tools-for-stm32.11.3.rel1.win32_1.1.1.202309131626/tools/bin/../lib/gcc/arm-none-eabi/11.3.1/../../../../arm-none-eabi/lib/thumb/v7e-m+fp/hard\libc_nano.a(libc_a-exit.o) (__stdio_exit_handler)
D:/software/stm32cubide/STM32CubeIDE_1.13.2/STM32CubeIDE/plugins/com.st.stm32cube.ide.mcu.externaltools.gnu-tools-for-stm32.11.3.rel1.win32_1.1.1.202309131626/tools/bin/../lib/gcc/arm-none-eabi/11.3.1/../../../../arm-none-eabi/lib/thumb/v7e-m+fp/hard\libc_nano.a(libc_a-fwalk.o)
                              D:/software/stm32cubide/STM32CubeIDE_1.13.2/STM32CubeIDE/plugins/com.st.stm32cube.ide.mcu.externaltools.gnu-tools-for-stm32.11.3.rel1.win32_1.1.1.202309131626/tools/bin/../lib/gcc/arm-none-eabi/11.3.1/../../../../arm-none-eabi/lib/thumb/v7e-m+fp/hard\libc_nano.a(libc_a-findfp.o) (_fwalk_sglue)
D:/software/stm32cubide/STM32CubeIDE_1.13.2/STM32CubeIDE/plugins/com.st.stm32cube.ide.mcu.externaltools.gnu-tools-for-stm32.11.3.rel1.win32_1.1.1.202309131626/tools/bin/../lib/gcc/arm-none-eabi/11.3.1/../../../../arm-none-eabi/lib/thumb/v7e-m+fp/hard\libc_nano.a(libc_a-stdio.o)
                              D:/software/stm32cubide/STM32CubeIDE_1.13.2/STM32CubeIDE/plugins/com.st.stm32cube.ide.mcu.externaltools.gnu-tools-for-stm32.11.3.rel1.win32_1.1.1.202309131626/tools/bin/../lib/gcc/arm-none-eabi/11.3.1/../../../../arm-none-eabi/lib/thumb/v7e-m+fp/hard\libc_nano.a(libc_a-findfp.o) (__sread)
D:/software/stm32cubide/STM32CubeIDE_1.13.2/STM32CubeIDE/plugins/com.st.stm32cube.ide.mcu.externaltools.gnu-tools-for-stm32.11.3.rel1.win32_1.1.1.202309131626/tools/bin/../lib/gcc/arm-none-eabi/11.3.1/../../../../arm-none-eabi/lib/thumb/v7e-m+fp/hard\libc_nano.a(libc_a-memset.o)
                              D:/software/stm32cubide/STM32CubeIDE_1.13.2/STM32CubeIDE/plugins/com.st.stm32cube.ide.mcu.externaltools.gnu-tools-for-stm32.11.3.rel1.win32_1.1.1.202309131626/tools/bin/../lib/gcc/arm-none-eabi/11.3.1/../../../../arm-none-eabi/lib/thumb/v7e-m+fp/hard/crt0.o (memset)
D:/software/stm32cubide/STM32CubeIDE_1.13.2/STM32CubeIDE/plugins/com.st.stm32cube.ide.mcu.externaltools.gnu-tools-for-stm32.11.3.rel1.win32_1.1.1.202309131626/tools/bin/../lib/gcc/arm-none-eabi/11.3.1/../../../../arm-none-eabi/lib/thumb/v7e-m+fp/hard\libc_nano.a(libc_a-closer.o)
                              D:/software/stm32cubide/STM32CubeIDE_1.13.2/STM32CubeIDE/plugins/com.st.stm32cube.ide.mcu.externaltools.gnu-tools-for-stm32.11.3.rel1.win32_1.1.1.202309131626/tools/bin/../lib/gcc/arm-none-eabi/11.3.1/../../../../arm-none-eabi/lib/thumb/v7e-m+fp/hard\libc_nano.a(libc_a-stdio.o) (_close_r)
D:/software/stm32cubide/STM32CubeIDE_1.13.2/STM32CubeIDE/plugins/com.st.stm32cube.ide.mcu.externaltools.gnu-tools-for-stm32.11.3.rel1.win32_1.1.1.202309131626/tools/bin/../lib/gcc/arm-none-eabi/11.3.1/../../../../arm-none-eabi/lib/thumb/v7e-m+fp/hard\libc_nano.a(libc_a-reent.o)
                              D:/software/stm32cubide/STM32CubeIDE_1.13.2/STM32CubeIDE/plugins/com.st.stm32cube.ide.mcu.externaltools.gnu-tools-for-stm32.11.3.rel1.win32_1.1.1.202309131626/tools/bin/../lib/gcc/arm-none-eabi/11.3.1/../../../../arm-none-eabi/lib/thumb/v7e-m+fp/hard\libc_nano.a(libc_a-closer.o) (errno)
D:/software/stm32cubide/STM32CubeIDE_1.13.2/STM32CubeIDE/plugins/com.st.stm32cube.ide.mcu.externaltools.gnu-tools-for-stm32.11.3.rel1.win32_1.1.1.202309131626/tools/bin/../lib/gcc/arm-none-eabi/11.3.1/../../../../arm-none-eabi/lib/thumb/v7e-m+fp/hard\libc_nano.a(libc_a-impure.o)
                              D:/software/stm32cubide/STM32CubeIDE_1.13.2/STM32CubeIDE/plugins/com.st.stm32cube.ide.mcu.externaltools.gnu-tools-for-stm32.11.3.rel1.win32_1.1.1.202309131626/tools/bin/../lib/gcc/arm-none-eabi/11.3.1/../../../../arm-none-eabi/lib/thumb/v7e-m+fp/hard\libc_nano.a(libc_a-reent.o) (_impure_ptr)
[...]
Memory Configuration

Name             Origin             Length             Attributes
RAM              0x0000000020000000 0x0000000000018000 xrw
FLASH            0x0000000008000000 0x0000000000080000 xr
*default*        0x0000000000000000 0xffffffffffffffff

Linker script and memory map

LOAD D:/software/stm32cubide/STM32CubeIDE_1.13.2/STM32CubeIDE/plugins/com.st.stm32cube.ide.mcu.externaltools.gnu-tools-for-stm32.11.3.rel1.win32_1.1.1.202309131626/tools/bin/../lib/gcc/arm-none-eabi/11.3.1/thumb/v7e-m+fp/hard/crti.o
LOAD D:/software/stm32cubide/STM32CubeIDE_1.13.2/STM32CubeIDE/plugins/com.st.stm32cube.ide.mcu.externaltools.gnu-tools-for-stm32.11.3.rel1.win32_1.1.1.202309131626/tools/bin/../lib/gcc/arm-none-eabi/11.3.1/thumb/v7e-m+fp/hard/crtbegin.o
LOAD D:/software/stm32cubide/STM32CubeIDE_1.13.2/STM32CubeIDE/plugins/com.st.stm32cube.ide.mcu.externaltools.gnu-tools-for-stm32.11.3.rel1.win32_1.1.1.202309131626/tools/bin/../lib/gcc/arm-none-eabi/11.3.1/../../../../arm-none-eabi/lib/thumb/v7e-m+fp/hard/crt0.o
LOAD ./API/API_KEY.o
LOAD ./API/API_LED.o
LOAD ./APP/APP.o
LOAD ./BSP/BSP_IIS.o
LOAD ./BSP/BSP_KEY.o
LOAD ./BSP/BSP_LED.o
LOAD ./BSP/BSP_PWM.o
LOAD ./BSP/BSP_UART.o
LOAD ./Core/Src/gpio.o
LOAD ./Core/Src/main.o
LOAD ./Core/Src/stm32f4xx_hal_msp.o
LOAD ./Core/Src/stm32f4xx_it.o
LOAD ./Core/Src/syscalls.o
LOAD ./Core/Src/sysmem.o
LOAD ./Core/Src/system_stm32f4xx.o
LOAD ./Core/Src/tim.o
LOAD ./Core/Src/usart.o
LOAD ./Core/Startup/startup_stm32f401retx.o
LOAD ./Drivers/STM32F4xx_HAL_Driver/Src/stm32f4xx_hal.o
LOAD ./Drivers/STM32F4xx_HAL_Driver/Src/stm32f4xx_hal_cortex.o
LOAD ./Drivers/STM32F4xx_HAL_Driver/Src/stm32f4xx_hal_dma.o
LOAD ./Drivers/STM32F4xx_HAL_Driver/Src/stm32f4xx_hal_dma_ex.o
LOAD ./Drivers/STM32F4xx_HAL_Driver/Src/stm32f4xx_hal_exti.o
LOAD ./Drivers/STM32F4xx_HAL_Driver/Src/stm32f4xx_hal_flash.o
LOAD ./Drivers/STM32F4xx_HAL_Driver/Src/stm32f4xx_hal_flash_ex.o
LOAD ./Drivers/STM32F4xx_HAL_Driver/Src/stm32f4xx_hal_flash_ramfunc.o
LOAD ./Drivers/STM32F4xx_HAL_Driver/Src/stm32f4xx_hal_gpio.o
LOAD ./Drivers/STM32F4xx_HAL_Driver/Src/stm32f4xx_hal_pwr.o
LOAD ./Drivers/STM32F4xx_HAL_Driver/Src/stm32f4xx_hal_pwr_ex.o
LOAD ./Drivers/STM32F4xx_HAL_Driver/Src/stm32f4xx_hal_rcc.o
LOAD ./Drivers/STM32F4xx_HAL_Driver/Src/stm32f4xx_hal_rcc_ex.o
LOAD ./Drivers/STM32F4xx_HAL_Driver/Src/stm32f4xx_hal_tim.o
LOAD ./Drivers/STM32F4xx_HAL_Driver/Src/stm32f4xx_hal_tim_ex.o
LOAD ./Drivers/STM32F4xx_HAL_Driver/Src/stm32f4xx_hal_uart.o
START GROUP
LOAD D:/software/stm32cubide/STM32CubeIDE_1.13.2/STM32CubeIDE/plugins/com.st.stm32cube.ide.mcu.externaltools.gnu-tools-for-stm32.11.3.rel1.win32_1.1.1.202309131626/tools/bin/../lib/gcc/arm-none-eabi/11.3.1/../../../../arm-none-eabi/lib/thumb/v7e-m+fp/hard\libc_nano.a
LOAD D:/software/stm32cubide/STM32CubeIDE_1.13.2/STM32CubeIDE/plugins/com.st.stm32cube.ide.mcu.externaltools.gnu-tools-for-stm32.11.3.rel1.win32_1.1.1.202309131626/tools/bin/../lib/gcc/arm-none-eabi/11.3.1/../../../../arm-none-eabi/lib/thumb/v7e-m+fp/hard\libm.a
END GROUP
START GROUP
LOAD D:/software/stm32cubide/STM32CubeIDE_1.13.2/STM32CubeIDE/plugins/com.st.stm32cube.ide.mcu.externaltools.gnu-tools-for-stm32.11.3.rel1.win32_1.1.1.202309131626/tools/bin/../lib/gcc/arm-none-eabi/11.3.1/thumb/v7e-m+fp/hard\libgcc.a
LOAD D:/software/stm32cubide/STM32CubeIDE_1.13.2/STM32CubeIDE/plugins/com.st.stm32cube.ide.mcu.externaltools.gnu-tools-for-stm32.11.3.rel1.win32_1.1.1.202309131626/tools/bin/../lib/gcc/arm-none-eabi/11.3.1/../../../../arm-none-eabi/lib/thumb/v7e-m+fp/hard\libc_nano.a
END GROUP
START GROUP
LOAD D:/software/stm32cubide/STM32CubeIDE_1.13.2/STM32CubeIDE/plugins/com.st.stm32cube.ide.mcu.externaltools.gnu-tools-for-stm32.11.3.rel1.win32_1.1.1.202309131626/tools/bin/../lib/gcc/arm-none-eabi/11.3.1/thumb/v7e-m+fp/hard\libgcc.a
LOAD D:/software/stm32cubide/STM32CubeIDE_1.13.2/STM32CubeIDE/plugins/com.st.stm32cube.ide.mcu.externaltools.gnu-tools-for-stm32.11.3.rel1.win32_1.1.1.202309131626/tools/bin/../lib/gcc/arm-none-eabi/11.3.1/../../../../arm-none-eabi/lib/thumb/v7e-m+fp/hard\libc_nano.a
LOAD D:/software/stm32cubide/STM32CubeIDE_1.13.2/STM32CubeIDE/plugins/com.st.stm32cube.ide.mcu.externaltools.gnu-tools-for-stm32.11.3.rel1.win32_1.1.1.202309131626/tools/bin/../lib/gcc/arm-none-eabi/11.3.1/../../../../arm-none-eabi/lib/thumb/v7e-m+fp/hard\libnosys.a
END GROUP
START GROUP
LOAD D:/software/stm32cubide/STM32CubeIDE_1.13.2/STM32CubeIDE/plugins/com.st.stm32cube.ide.mcu.externaltools.gnu-tools-for-stm32.11.3.rel1.win32_1.1.1.202309131626/tools/bin/../lib/gcc/arm-none-eabi/11.3.1/thumb/v7e-m+fp/hard\libgcc.a
LOAD D:/software/stm32cubide/STM32CubeIDE_1.13.2/STM32CubeIDE/plugins/com.st.stm32cube.ide.mcu.externaltools.gnu-tools-for-stm32.11.3.rel1.win32_1.1.1.202309131626/tools/bin/../lib/gcc/arm-none-eabi/11.3.1/../../../../arm-none-eabi/lib/thumb/v7e-m+fp/hard\libc_nano.a
LOAD D:/software/stm32cubide/STM32CubeIDE_1.13.2/STM32CubeIDE/plugins/com.st.stm32cube.ide.mcu.externaltools.gnu-tools-for-stm32.11.3.rel1.win32_1.1.1.202309131626/tools/bin/../lib/gcc/arm-none-eabi/11.3.1/../../../../arm-none-eabi/lib/thumb/v7e-m+fp/hard\libnosys.a
END GROUP
LOAD D:/software/stm32cubide/STM32CubeIDE_1.13.2/STM32CubeIDE/plugins/com.st.stm32cube.ide.mcu.externaltools.gnu-tools-for-stm32.11.3.rel1.win32_1.1.1.202309131626/tools/bin/../lib/gcc/arm-none-eabi/11.3.1/thumb/v7e-m+fp/hard/crtend.o
LOAD D:/software/stm32cubide/STM32CubeIDE_1.13.2/STM32CubeIDE/plugins/com.st.stm32cube.ide.mcu.externaltools.gnu-tools-for-stm32.11.3.rel1.win32_1.1.1.202309131626/tools/bin/../lib/gcc/arm-none-eabi/11.3.1/thumb/v7e-m+fp/hard/crtn.o
                0x0000000020018000                _estack = (ORIGIN (RAM) + LENGTH (RAM))
                0x0000000000000200                _Min_Heap_Size = 0x200
                0x0000000000000400                _Min_Stack_Size = 0x400

.isr_vector     0x0000000008000000      0x194
                0x0000000008000000                . = ALIGN (0x4)
 *(.isr_vector)
 .isr_vector    0x0000000008000000      0x194 ./Core/Startup/startup_stm32f401retx.o
                0x0000000008000000                g_pfnVectors
                0x0000000008000194                . = ALIGN (0x4)

.text           0x0000000008000194     0x3a78
                0x0000000008000194                . = ALIGN (0x4)
 *(.text)
 .text          0x0000000008000194       0x40 D:/software/stm32cubide/STM32CubeIDE_1.13.2/STM32CubeIDE/plugins/com.st.stm32cube.ide.mcu.externaltools.gnu-tools-for-stm32.11.3.rel1.win32_1.1.1.202309131626/tools/bin/../lib/gcc/arm-none-eabi/11.3.1/thumb/v7e-m+fp/hard/crtbegin.o
 .text          0x00000000080001d4       0x30 D:/software/stm32cubide/STM32CubeIDE_1.13.2/STM32CubeIDE/plugins/com.st.stm32cube.ide.mcu.externaltools.gnu-tools-for-stm32.11.3.rel1.win32_1.1.1.202309131626/tools/bin/../lib/gcc/arm-none-eabi/11.3.1/thumb/v7e-m+fp/hard\libgcc.a(_aeabi_uldivmod.o)
                0x00000000080001d4                __aeabi_uldivmod
 .text          0x0000000008000204      0x2c8 D:/software/stm32cubide/STM32CubeIDE_1.13.2/STM32CubeIDE/plugins/com.st.stm32cube.ide.mcu.externaltools.gnu-tools-for-stm32.11.3.rel1.win32_1.1.1.202309131626/tools/bin/../lib/gcc/arm-none-eabi/11.3.1/thumb/v7e-m+fp/hard\libgcc.a(_udivmoddi4.o)
                0x0000000008000204                __udivmoddi4
 .text          0x00000000080004cc        0x4 D:/software/stm32cubide/STM32CubeIDE_1.13.2/STM32CubeIDE/plugins/com.st.stm32cube.ide.mcu.externaltools.gnu-tools-for-stm32.11.3.rel1.win32_1.1.1.202309131626/tools/bin/../lib/gcc/arm-none-eabi/11.3.1/thumb/v7e-m+fp/hard\libgcc.a(_dvmd_tls.o)
                0x00000000080004cc                __aeabi_idiv0
                0x00000000080004cc                __aeabi_ldiv0
 *(.text*)
 .text.API_KEY  0x00000000080004d0        0xc ./API/API_KEY.o
                0x00000000080004d0                API_KEY
 .text.API_KEY_ACCTION
                0x00000000080004dc        0xc ./API/API_KEY.o
                0x00000000080004dc                API_KEY_ACCTION
 .text.API_KEY_CALLBACK
                0x00000000080004e8       0x30 ./API/API_KEY.o
                0x00000000080004e8                API_KEY_CALLBACK
 .text.API_Green_LED_TOG
                0x0000000008000518        0xc ./API/API_LED.o
                0x0000000008000518                API_Green_LED_TOG
 .text.APP      0x0000000008000524       0x2c ./APP/APP.o
                0x0000000008000524                APP
 .text.KEY_Scan
                0x0000000008000550       0x68 ./BSP/BSP_KEY.o
                0x0000000008000550                KEY_Scan
 .text.BSP_Green_LED_TOG
                0x00000000080005b8       0x14 ./BSP/BSP_LED.o
                0x00000000080005b8                BSP_Green_LED_TOG
 .text.BSP_pwhLED_put
                0x00000000080005cc       0x6c ./BSP/BSP_PWM.o
                0x00000000080005cc                BSP_pwhLED_put
 .text.HAL_UART_RxCpltCallback
                0x0000000008000638       0xd4 ./BSP/BSP_UART.o
                0x0000000008000638                HAL_UART_RxCpltCallback
 .text.usart_orderfun
                0x000000000800070c       0x2c ./BSP/BSP_UART.o
                0x000000000800070c                usart_orderfun
 .text.MX_GPIO_Init
                0x0000000008000738       0xc8 ./Core/Src/gpio.o
                0x0000000008000738                MX_GPIO_Init
 .text.main     0x0000000008000800       0x3c ./Core/Src/main.o
                0x0000000008000800                main
 .text.SystemClock_Config
                0x000000000800083c       0xd4 ./Core/Src/main.o
                0x000000000800083c                SystemClock_Config
 .text.Error_Handler
                0x0000000008000910        0xa ./Core/Src/main.o
                0x0000000008000910                Error_Handler
 *fill*         0x000000000800091a        0x2 
 .text.HAL_MspInit
                0x000000000800091c       0x50 ./Core/Src/stm32f4xx_hal_msp.o
                0x000000000800091c                HAL_MspInit
 .text.NMI_Handler
                0x000000000800096c        0x6 ./Core/Src/stm32f4xx_it.o
                0x000000000800096c                NMI_Handler
 .text.HardFault_Handler
                0x0000000008000972        0x6 ./Core/Src/stm32f4xx_it.o
                0x0000000008000972                HardFault_Handler
 .text.MemManage_Handler
                0x0000000008000978        0x6 ./Core/Src/stm32f4xx_it.o
                0x0000000008000978                MemManage_Handler
 .text.BusFault_Handler
                0x000000000800097e        0x6 ./Core/Src/stm32f4xx_it.o
                0x000000000800097e                BusFault_Handler
 .text.UsageFault_Handler
                0x0000000008000984        0x6 ./Core/Src/stm32f4xx_it.o
                0x0000000008000984                UsageFault_Handler
 .text.SVC_Handler
                0x000000000800098a        0xe ./Core/Src/stm32f4xx_it.o
                0x000000000800098a                SVC_Handler
 .text.DebugMon_Handler
                0x0000000008000998        0xe ./Core/Src/stm32f4xx_it.o
                0x0000000008000998                DebugMon_Handler
 .text.PendSV_Handler
                0x00000000080009a6        0xe ./Core/Src/stm32f4xx_it.o
                0x00000000080009a6                PendSV_Handler
 .text.SysTick_Handler
                0x00000000080009b4        0xc ./Core/Src/stm32f4xx_it.o
                0x00000000080009b4                SysTick_Handler
 .text.USART1_IRQHandler
                0x00000000080009c0       0x14 ./Core/Src/stm32f4xx_it.o
                0x00000000080009c0                USART1_IRQHandler
 .text.SystemInit
                0x00000000080009d4       0x24 ./Core/Src/system_stm32f4xx.o
                0x00000000080009d4                SystemInit
 .text.MX_TIM3_Init
                0x00000000080009f8       0xec ./Core/Src/tim.o
                0x00000000080009f8                MX_TIM3_Init
 .text.HAL_TIM_Base_MspInit
                0x0000000008000ae4       0x44 ./Core/Src/tim.o
                0x0000000008000ae4                HAL_TIM_Base_MspInit
 .text.HAL_TIM_MspPostInit
                0x0000000008000b28       0x74 ./Core/Src/tim.o
                0x0000000008000b28                HAL_TIM_MspPostInit
 .text.MX_USART1_UART_Init
                0x0000000008000b9c       0x54 ./Core/Src/usart.o
                0x0000000008000b9c                MX_USART1_UART_Init
 .text.HAL_UART_MspInit
                0x0000000008000bf0       0xa0 ./Core/Src/usart.o
                0x0000000008000bf0                HAL_UART_MspInit
 .text.Reset_Handler
                0x0000000008000c90       0x50 ./Core/Startup/startup_stm32f401retx.o
                0x0000000008000c90                Reset_Handler
 .text.Default_Handler
                0x0000000008000ce0        0x2 ./Core/Startup/startup_stm32f401retx.o
                0x0000000008000ce0                RTC_Alarm_IRQHandler
                0x0000000008000ce0                EXTI2_IRQHandler
                0x0000000008000ce0                SPI4_IRQHandler
                0x0000000008000ce0                TIM1_CC_IRQHandler
                0x0000000008000ce0                DMA2_Stream5_IRQHandler
                0x0000000008000ce0                DMA1_Stream5_IRQHandler
                0x0000000008000ce0                PVD_IRQHandler
                0x0000000008000ce0                SDIO_IRQHandler
                0x0000000008000ce0                TAMP_STAMP_IRQHandler
                0x0000000008000ce0                EXTI3_IRQHandler
                0x0000000008000ce0                TIM1_UP_TIM10_IRQHandler
                0x0000000008000ce0                I2C3_ER_IRQHandler
                0x0000000008000ce0                EXTI0_IRQHandler
                0x0000000008000ce0                I2C2_EV_IRQHandler
                0x0000000008000ce0                DMA1_Stream2_IRQHandler
                0x0000000008000ce0                FPU_IRQHandler
                0x0000000008000ce0                DMA2_Stream2_IRQHandler
                0x0000000008000ce0                SPI1_IRQHandler
                0x0000000008000ce0                TIM1_BRK_TIM9_IRQHandler
                0x0000000008000ce0                DMA2_Stream3_IRQHandler
                0x0000000008000ce0                USART6_IRQHandler
                0x0000000008000ce0                DMA2_Stream0_IRQHandler
                0x0000000008000ce0                TIM4_IRQHandler
                0x0000000008000ce0                I2C1_EV_IRQHandler
                0x0000000008000ce0                DMA1_Stream6_IRQHandler
                0x0000000008000ce0                DMA1_Stream1_IRQHandler
                0x0000000008000ce0                TIM3_IRQHandler
                0x0000000008000ce0                RCC_IRQHandler
                0x0000000008000ce0                Default_Handler
                0x0000000008000ce0                EXTI15_10_IRQHandler
                0x0000000008000ce0                ADC_IRQHandler
                0x0000000008000ce0                DMA1_Stream7_IRQHandler
                0x0000000008000ce0                TIM5_IRQHandler
                0x0000000008000ce0                DMA2_Stream7_IRQHandler
                0x0000000008000ce0                I2C3_EV_IRQHandler
                0x0000000008000ce0                EXTI9_5_IRQHandler
                0x0000000008000ce0                RTC_WKUP_IRQHandler
                0x0000000008000ce0                SPI2_IRQHandler
                0x0000000008000ce0                DMA1_Stream0_IRQHandler
                0x0000000008000ce0                EXTI4_IRQHandler
                0x0000000008000ce0                WWDG_IRQHandler
                0x0000000008000ce0                TIM2_IRQHandler
                0x0000000008000ce0                OTG_FS_WKUP_IRQHandler
                0x0000000008000ce0                TIM1_TRG_COM_TIM11_IRQHandler
                0x0000000008000ce0                EXTI1_IRQHandler
                0x0000000008000ce0                USART2_IRQHandler
                0x0000000008000ce0                I2C2_ER_IRQHandler
                0x0000000008000ce0                DMA2_Stream1_IRQHandler
                0x0000000008000ce0                FLASH_IRQHandler
                0x0000000008000ce0                DMA2_Stream4_IRQHandler
                0x0000000008000ce0                OTG_FS_IRQHandler
                0x0000000008000ce0                SPI3_IRQHandler
                0x0000000008000ce0                DMA1_Stream4_IRQHandler
                0x0000000008000ce0                I2C1_ER_IRQHandler
                0x0000000008000ce0                DMA2_Stream6_IRQHandler
                0x0000000008000ce0                DMA1_Stream3_IRQHandler
 *fill*         0x0000000008000ce2        0x2 
 .text.HAL_Init
                0x0000000008000ce4       0x44 ./Drivers/STM32F4xx_HAL_Driver/Src/stm32f4xx_hal.o
                0x0000000008000ce4                HAL_Init
 .text.HAL_InitTick
                0x0000000008000d28       0x60 ./Drivers/STM32F4xx_HAL_Driver/Src/stm32f4xx_hal.o
                0x0000000008000d28                HAL_InitTick
 .text.HAL_IncTick
                0x0000000008000d88       0x28 ./Drivers/STM32F4xx_HAL_Driver/Src/stm32f4xx_hal.o
                0x0000000008000d88                HAL_IncTick
 .text.HAL_GetTick
                0x0000000008000db0       0x18 ./Drivers/STM32F4xx_HAL_Driver/Src/stm32f4xx_hal.o
                0x0000000008000db0                HAL_GetTick
 .text.HAL_Delay
                0x0000000008000dc8       0x48 ./Drivers/STM32F4xx_HAL_Driver/Src/stm32f4xx_hal.o
                0x0000000008000dc8                HAL_Delay
 .text.__NVIC_SetPriorityGrouping
                0x0000000008000e10       0x48 ./Drivers/STM32F4xx_HAL_Driver/Src/stm32f4xx_hal_cortex.o
 .text.__NVIC_GetPriorityGrouping
                0x0000000008000e58       0x1c ./Drivers/STM32F4xx_HAL_Driver/Src/stm32f4xx_hal_cortex.o
 .text.__NVIC_EnableIRQ
                0x0000000008000e74       0x3c ./Drivers/STM32F4xx_HAL_Driver/Src/stm32f4xx_hal_cortex.o
 .text.__NVIC_SetPriority
                0x0000000008000eb0       0x54 ./Drivers/STM32F4xx_HAL_Driver/Src/stm32f4xx_hal_cortex.o
 .text.NVIC_EncodePriority
                0x0000000008000f04       0x66 ./Drivers/STM32F4xx_HAL_Driver/Src/stm32f4xx_hal_cortex.o
 *fill*         0x0000000008000f6a        0x2 
 .text.SysTick_Config
                0x0000000008000f6c       0x44 ./Drivers/STM32F4xx_HAL_Driver/Src/stm32f4xx_hal_cortex.o
 .text.HAL_NVIC_SetPriorityGrouping
                0x0000000008000fb0       0x16 ./Drivers/STM32F4xx_HAL_Driver/Src/stm32f4xx_hal_cortex.o
                0x0000000008000fb0                HAL_NVIC_SetPriorityGrouping
 .text.HAL_NVIC_SetPriority
                0x0000000008000fc6       0x38 ./Drivers/STM32F4xx_HAL_Driver/Src/stm32f4xx_hal_cortex.o
                0x0000000008000fc6                HAL_NVIC_SetPriority
 .text.HAL_NVIC_EnableIRQ
                0x0000000008000ffe       0x1c ./Drivers/STM32F4xx_HAL_Driver/Src/stm32f4xx_hal_cortex.o
                0x0000000008000ffe                HAL_NVIC_EnableIRQ
 .text.HAL_SYSTICK_Config
                0x000000000800101a       0x18 ./Drivers/STM32F4xx_HAL_Driver/Src/stm32f4xx_hal_cortex.o
                0x000000000800101a                HAL_SYSTICK_Config
 .text.HAL_DMA_Abort
                0x0000000008001032       0xe0 ./Drivers/STM32F4xx_HAL_Driver/Src/stm32f4xx_hal_dma.o
                0x0000000008001032                HAL_DMA_Abort
 .text.HAL_DMA_Abort_IT
                0x0000000008001112       0x44 ./Drivers/STM32F4xx_HAL_Driver/Src/stm32f4xx_hal_dma.o
                0x0000000008001112                HAL_DMA_Abort_IT
 *fill*         0x0000000008001156        0x2 
 .text.HAL_GPIO_Init
                0x0000000008001158      0x308 ./Drivers/STM32F4xx_HAL_Driver/Src/stm32f4xx_hal_gpio.o
                0x0000000008001158                HAL_GPIO_Init
 .text.HAL_GPIO_ReadPin
                0x0000000008001460       0x30 ./Drivers/STM32F4xx_HAL_Driver/Src/stm32f4xx_hal_gpio.o
                0x0000000008001460                HAL_GPIO_ReadPin
 .text.HAL_GPIO_WritePin
                0x0000000008001490       0x32 ./Drivers/STM32F4xx_HAL_Driver/Src/stm32f4xx_hal_gpio.o
                0x0000000008001490                HAL_GPIO_WritePin
 .text.HAL_GPIO_TogglePin
                0x00000000080014c2       0x34 ./Drivers/STM32F4xx_HAL_Driver/Src/stm32f4xx_hal_gpio.o
                0x00000000080014c2                HAL_GPIO_TogglePin
 *fill*         0x00000000080014f6        0x2 
 .text.HAL_RCC_OscConfig
                0x00000000080014f8      0x4f0 ./Drivers/STM32F4xx_HAL_Driver/Src/stm32f4xx_hal_rcc.o
                0x00000000080014f8                HAL_RCC_OscConfig
 .text.HAL_RCC_ClockConfig
                0x00000000080019e8      0x1cc ./Drivers/STM32F4xx_HAL_Driver/Src/stm32f4xx_hal_rcc.o
                0x00000000080019e8                HAL_RCC_ClockConfig
 .text.HAL_RCC_GetSysClockFreq
                0x0000000008001bb4      0x20c ./Drivers/STM32F4xx_HAL_Driver/Src/stm32f4xx_hal_rcc.o
                0x0000000008001bb4                HAL_RCC_GetSysClockFreq
 .text.HAL_RCC_GetHCLKFreq
                0x0000000008001dc0       0x18 ./Drivers/STM32F4xx_HAL_Driver/Src/stm32f4xx_hal_rcc.o
                0x0000000008001dc0                HAL_RCC_GetHCLKFreq
 .text.HAL_RCC_GetPCLK1Freq
                0x0000000008001dd8       0x28 ./Drivers/STM32F4xx_HAL_Driver/Src/stm32f4xx_hal_rcc.o
                0x0000000008001dd8                HAL_RCC_GetPCLK1Freq
 .text.HAL_RCC_GetPCLK2Freq
                0x0000000008001e00       0x28 ./Drivers/STM32F4xx_HAL_Driver/Src/stm32f4xx_hal_rcc.o
                0x0000000008001e00                HAL_RCC_GetPCLK2Freq
 .text.HAL_TIM_Base_Init
                0x0000000008001e28       0x9e ./Drivers/STM32F4xx_HAL_Driver/Src/stm32f4xx_hal_tim.o
                0x0000000008001e28                HAL_TIM_Base_Init
 .text.HAL_TIM_PWM_Init
                0x0000000008001ec6       0x9e ./Drivers/STM32F4xx_HAL_Driver/Src/stm32f4xx_hal_tim.o
                0x0000000008001ec6                HAL_TIM_PWM_Init
 .text.HAL_TIM_PWM_MspInit
                0x0000000008001f64       0x14 ./Drivers/STM32F4xx_HAL_Driver/Src/stm32f4xx_hal_tim.o
                0x0000000008001f64                HAL_TIM_PWM_MspInit
 .text.HAL_TIM_PWM_Start
                0x0000000008001f78      0x160 ./Drivers/STM32F4xx_HAL_Driver/Src/stm32f4xx_hal_tim.o
                0x0000000008001f78                HAL_TIM_PWM_Start
 .text.HAL_TIM_PWM_ConfigChannel
                0x00000000080020d8      0x184 ./Drivers/STM32F4xx_HAL_Driver/Src/stm32f4xx_hal_tim.o
                0x00000000080020d8                HAL_TIM_PWM_ConfigChannel
 .text.HAL_TIM_ConfigClockSource
                0x000000000800225c      0x18e ./Drivers/STM32F4xx_HAL_Driver/Src/stm32f4xx_hal_tim.o
                0x000000000800225c                HAL_TIM_ConfigClockSource
 *fill*         0x00000000080023ea        0x2 
 .text.TIM_Base_SetConfig
                0x00000000080023ec      0x100 ./Drivers/STM32F4xx_HAL_Driver/Src/stm32f4xx_hal_tim.o
                0x00000000080023ec                TIM_Base_SetConfig
 .text.TIM_OC1_SetConfig
                0x00000000080024ec       0xcc ./Drivers/STM32F4xx_HAL_Driver/Src/stm32f4xx_hal_tim.o
 .text.TIM_OC2_SetConfig
                0x00000000080025b8       0xd8 ./Drivers/STM32F4xx_HAL_Driver/Src/stm32f4xx_hal_tim.o
                0x00000000080025b8                TIM_OC2_SetConfig
 .text.TIM_OC3_SetConfig
                0x0000000008002690       0xd4 ./Drivers/STM32F4xx_HAL_Driver/Src/stm32f4xx_hal_tim.o
 .text.TIM_OC4_SetConfig
                0x0000000008002764       0xa0 ./Drivers/STM32F4xx_HAL_Driver/Src/stm32f4xx_hal_tim.o
 .text.TIM_TI1_ConfigInputStage
                0x0000000008002804       0x5e ./Drivers/STM32F4xx_HAL_Driver/Src/stm32f4xx_hal_tim.o
 .text.TIM_TI2_ConfigInputStage
                0x0000000008002862       0x60 ./Drivers/STM32F4xx_HAL_Driver/Src/stm32f4xx_hal_tim.o
 .text.TIM_ITRx_SetConfig
                0x00000000080028c2       0x36 ./Drivers/STM32F4xx_HAL_Driver/Src/stm32f4xx_hal_tim.o
 .text.TIM_ETR_SetConfig
                0x00000000080028f8       0x40 ./Drivers/STM32F4xx_HAL_Driver/Src/stm32f4xx_hal_tim.o
                0x00000000080028f8                TIM_ETR_SetConfig
 .text.TIM_CCxChannelCmd
                0x0000000008002938       0x4a ./Drivers/STM32F4xx_HAL_Driver/Src/stm32f4xx_hal_tim.o
                0x0000000008002938                TIM_CCxChannelCmd
 *fill*         0x0000000008002982        0x2 
 .text.HAL_TIMEx_MasterConfigSynchronization
                0x0000000008002984       0xdc ./Drivers/STM32F4xx_HAL_Driver/Src/stm32f4xx_hal_tim_ex.o
                0x0000000008002984                HAL_TIMEx_MasterConfigSynchronization
 .text.HAL_UART_Init
                0x0000000008002a60       0x9a ./Drivers/STM32F4xx_HAL_Driver/Src/stm32f4xx_hal_uart.o
                0x0000000008002a60                HAL_UART_Init
 .text.HAL_UART_Transmit
                0x0000000008002afa      0x124 ./Drivers/STM32F4xx_HAL_Driver/Src/stm32f4xx_hal_uart.o
                0x0000000008002afa                HAL_UART_Transmit
 .text.HAL_UART_Receive_IT
                0x0000000008002c1e       0x60 ./Drivers/STM32F4xx_HAL_Driver/Src/stm32f4xx_hal_uart.o
                0x0000000008002c1e                HAL_UART_Receive_IT
 *fill*         0x0000000008002c7e        0x2 
 .text.HAL_UART_IRQHandler
                0x0000000008002c80      0x51c ./Drivers/STM32F4xx_HAL_Driver/Src/stm32f4xx_hal_uart.o
                0x0000000008002c80                HAL_UART_IRQHandler
 .text.HAL_UART_TxCpltCallback
                0x000000000800319c       0x14 ./Drivers/STM32F4xx_HAL_Driver/Src/stm32f4xx_hal_uart.o
                0x000000000800319c                HAL_UART_TxCpltCallback
 .text.HAL_UART_ErrorCallback
                0x00000000080031b0       0x14 ./Drivers/STM32F4xx_HAL_Driver/Src/stm32f4xx_hal_uart.o
                0x00000000080031b0                HAL_UART_ErrorCallback
 .text.HAL_UARTEx_RxEventCallback
                0x00000000080031c4       0x18 ./Drivers/STM32F4xx_HAL_Driver/Src/stm32f4xx_hal_uart.o
                0x00000000080031c4                HAL_UARTEx_RxEventCallback
 .text.HAL_UART_GetState
                0x00000000080031dc       0x3c ./Drivers/STM32F4xx_HAL_Driver/Src/stm32f4xx_hal_uart.o
                0x00000000080031dc                HAL_UART_GetState
 .text.UART_WaitOnFlagUntilTimeout
                0x0000000008003218       0xdc ./Drivers/STM32F4xx_HAL_Driver/Src/stm32f4xx_hal_uart.o
 .text.UART_Start_Receive_IT
                0x00000000080032f4       0x7c ./Drivers/STM32F4xx_HAL_Driver/Src/stm32f4xx_hal_uart.o
                0x00000000080032f4                UART_Start_Receive_IT
 .text.UART_EndRxTransfer
                0x0000000008003370       0xc6 ./Drivers/STM32F4xx_HAL_Driver/Src/stm32f4xx_hal_uart.o
 .text.UART_DMAAbortOnError
                0x0000000008003436       0x28 ./Drivers/STM32F4xx_HAL_Driver/Src/stm32f4xx_hal_uart.o
 .text.UART_Transmit_IT
                0x000000000800345e       0xa0 ./Drivers/STM32F4xx_HAL_Driver/Src/stm32f4xx_hal_uart.o
 .text.UART_EndTransmit_IT
                0x00000000080034fe       0x30 ./Drivers/STM32F4xx_HAL_Driver/Src/stm32f4xx_hal_uart.o
 .text.UART_Receive_IT
                0x000000000800352e      0x176 ./Drivers/STM32F4xx_HAL_Driver/Src/stm32f4xx_hal_uart.o
 .text.UART_SetConfig
                0x00000000080036a4      0x4e8 ./Drivers/STM32F4xx_HAL_Driver/Src/stm32f4xx_hal_uart.o
 .text.memset   0x0000000008003b8c       0x10 D:/software/stm32cubide/STM32CubeIDE_1.13.2/STM32CubeIDE/plugins/com.st.stm32cube.ide.mcu.externaltools.gnu-tools-for-stm32.11.3.rel1.win32_1.1.1.202309131626/tools/bin/../lib/gcc/arm-none-eabi/11.3.1/../../../../arm-none-eabi/lib/thumb/v7e-m+fp/hard\libc_nano.a(libc_a-memset.o)
                0x0000000008003b8c                memset
 .text.__libc_init_array
                0x0000000008003b9c       0x48 D:/software/stm32cubide/STM32CubeIDE_1.13.2/STM32CubeIDE/plugins/com.st.stm32cube.ide.mcu.externaltools.gnu-tools-for-stm32.11.3.rel1.win32_1.1.1.202309131626/tools/bin/../lib/gcc/arm-none-eabi/11.3.1/../../../../arm-none-eabi/lib/thumb/v7e-m+fp/hard\libc_nano.a(libc_a-init.o)
                0x0000000008003b9c                __libc_init_array
 .text.strcpy   0x0000000008003be4       0x10 D:/software/stm32cubide/STM32CubeIDE_1.13.2/STM32CubeIDE/plugins/com.st.stm32cube.ide.mcu.externaltools.gnu-tools-for-stm32.11.3.rel1.win32_1.1.1.202309131626/tools/bin/../lib/gcc/arm-none-eabi/11.3.1/../../../../arm-none-eabi/lib/thumb/v7e-m+fp/hard\libc_nano.a(libc_a-strcpy.o)
                0x0000000008003be4                strcpy
 *(.glue_7)
 .glue_7        0x0000000008003bf4        0x0 linker stubs
 *(.glue_7t)
 .glue_7t       0x0000000008003bf4        0x0 linker stubs
 *(.eh_frame)
 .eh_frame      0x0000000008003bf4        0x0 D:/software/stm32cubide/STM32CubeIDE_1.13.2/STM32CubeIDE/plugins/com.st.stm32cube.ide.mcu.externaltools.gnu-tools-for-stm32.11.3.rel1.win32_1.1.1.202309131626/tools/bin/../lib/gcc/arm-none-eabi/11.3.1/thumb/v7e-m+fp/hard/crtbegin.o
 *(.init)
 .init          0x0000000008003bf4        0x4 D:/software/stm32cubide/STM32CubeIDE_1.13.2/STM32CubeIDE/plugins/com.st.stm32cube.ide.mcu.externaltools.gnu-tools-for-stm32.11.3.rel1.win32_1.1.1.202309131626/tools/bin/../lib/gcc/arm-none-eabi/11.3.1/thumb/v7e-m+fp/hard/crti.o
                0x0000000008003bf4                _init
 .init          0x0000000008003bf8        0x8 D:/software/stm32cubide/STM32CubeIDE_1.13.2/STM32CubeIDE/plugins/com.st.stm32cube.ide.mcu.externaltools.gnu-tools-for-stm32.11.3.rel1.win32_1.1.1.202309131626/tools/bin/../lib/gcc/arm-none-eabi/11.3.1/thumb/v7e-m+fp/hard/crtn.o
 *(.fini)
 .fini          0x0000000008003c00        0x4 D:/software/stm32cubide/STM32CubeIDE_1.13.2/STM32CubeIDE/plugins/com.st.stm32cube.ide.mcu.externaltools.gnu-tools-for-stm32.11.3.rel1.win32_1.1.1.202309131626/tools/bin/../lib/gcc/arm-none-eabi/11.3.1/thumb/v7e-m+fp/hard/crti.o
                0x0000000008003c00                _fini
 .fini          0x0000000008003c04        0x8 D:/software/stm32cubide/STM32CubeIDE_1.13.2/STM32CubeIDE/plugins/com.st.stm32cube.ide.mcu.externaltools.gnu-tools-for-stm32.11.3.rel1.win32_1.1.1.202309131626/tools/bin/../lib/gcc/arm-none-eabi/11.3.1/thumb/v7e-m+fp/hard/crtn.o
                0x0000000008003c0c                . = ALIGN (0x4)
                0x0000000008003c0c                _etext = .

.vfp11_veneer   0x0000000008003c0c        0x0
 .vfp11_veneer  0x0000000008003c0c        0x0 linker stubs

.v4_bx          0x0000000008003c0c        0x0
 .v4_bx         0x0000000008003c0c        0x0 linker stubs

.iplt           0x0000000008003c0c        0x0
 .iplt          0x0000000008003c0c        0x0 D:/software/stm32cubide/STM32CubeIDE_1.13.2/STM32CubeIDE/plugins/com.st.stm32cube.ide.mcu.externaltools.gnu-tools-for-stm32.11.3.rel1.win32_1.1.1.202309131626/tools/bin/../lib/gcc/arm-none-eabi/11.3.1/thumb/v7e-m+fp/hard/crtbegin.o

.rodata         0x0000000008003c0c       0x38
                0x0000000008003c0c                . = ALIGN (0x4)
 *(.rodata)
 .rodata        0x0000000008003c0c       0x1d ./BSP/BSP_UART.o
 *(.rodata*)
 *fill*         0x0000000008003c29        0x3 
 .rodata.AHBPrescTable
                0x0000000008003c2c       0x10 ./Core/Src/system_stm32f4xx.o
                0x0000000008003c2c                AHBPrescTable
 .rodata.APBPrescTable
                0x0000000008003c3c        0x8 ./Core/Src/system_stm32f4xx.o
                0x0000000008003c3c                APBPrescTable
                0x0000000008003c44                . = ALIGN (0x4)

.ARM.extab      0x0000000008003c44        0x0
                0x0000000008003c44                . = ALIGN (0x4)
 *(.ARM.extab* .gnu.linkonce.armextab.*)
                0x0000000008003c44                . = ALIGN (0x4)

.ARM            0x0000000008003c44        0x8
                0x0000000008003c44                . = ALIGN (0x4)
                0x0000000008003c44                __exidx_start = .
 *(.ARM.exidx*)
 .ARM.exidx     0x0000000008003c44        0x8 D:/software/stm32cubide/STM32CubeIDE_1.13.2/STM32CubeIDE/plugins/com.st.stm32cube.ide.mcu.externaltools.gnu-tools-for-stm32.11.3.rel1.win32_1.1.1.202309131626/tools/bin/../lib/gcc/arm-none-eabi/11.3.1/thumb/v7e-m+fp/hard\libgcc.a(_udivmoddi4.o)
                0x0000000008003c4c                __exidx_end = .
                0x0000000008003c4c                . = ALIGN (0x4)

.rel.dyn        0x0000000008003c4c        0x0
 .rel.iplt      0x0000000008003c4c        0x0 D:/software/stm32cubide/STM32CubeIDE_1.13.2/STM32CubeIDE/plugins/com.st.stm32cube.ide.mcu.externaltools.gnu-tools-for-stm32.11.3.rel1.win32_1.1.1.202309131626/tools/bin/../lib/gcc/arm-none-eabi/11.3.1/thumb/v7e-m+fp/hard/crtbegin.o

.preinit_array  0x0000000008003c4c        0x0
                0x0000000008003c4c                . = ALIGN (0x4)
                0x0000000008003c4c                PROVIDE (__preinit_array_start = .)
 *(.preinit_array*)
                0x0000000008003c4c                PROVIDE (__preinit_array_end = .)
                0x0000000008003c4c                . = ALIGN (0x4)

.init_array     0x0000000008003c4c        0x4
                0x0000000008003c4c                . = ALIGN (0x4)
                0x0000000008003c4c                PROVIDE (__init_array_start = .)
 *(SORT_BY_NAME(.init_array.*))
 *(.init_array*)
 .init_array    0x0000000008003c4c        0x4 D:/software/stm32cubide/STM32CubeIDE_1.13.2/STM32CubeIDE/plugins/com.st.stm32cube.ide.mcu.externaltools.gnu-tools-for-stm32.11.3.rel1.win32_1.1.1.202309131626/tools/bin/../lib/gcc/arm-none-eabi/11.3.1/thumb/v7e-m+fp/hard/crtbegin.o
                0x0000000008003c50                PROVIDE (__init_array_end = .)
                0x0000000008003c50                . = ALIGN (0x4)

.fini_array     0x0000000008003c50        0x4
                0x0000000008003c50                . = ALIGN (0x4)
                [!provide]                        PROVIDE (__fini_array_start = .)
 *(SORT_BY_NAME(.fini_array.*))
 *(.fini_array*)
 .fini_array    0x0000000008003c50        0x4 D:/software/stm32cubide/STM32CubeIDE_1.13.2/STM32CubeIDE/plugins/com.st.stm32cube.ide.mcu.externaltools.gnu-tools-for-stm32.11.3.rel1.win32_1.1.1.202309131626/tools/bin/../lib/gcc/arm-none-eabi/11.3.1/thumb/v7e-m+fp/hard/crtbegin.o
                [!provide]                        PROVIDE (__fini_array_end = .)
                0x0000000008003c54                . = ALIGN (0x4)
                0x0000000008003c54                _sidata = LOADADDR (.data)

.data           0x0000000020000000       0x14 load address 0x0000000008003c54
                0x0000000020000000                . = ALIGN (0x4)
                0x0000000020000000                _sdata = .
 *(.data)
 *(.data*)
 .data.key_up.0
                0x0000000020000000        0x1 ./BSP/BSP_KEY.o
 *fill*         0x0000000020000001        0x1 
 .data.duty_num1
                0x0000000020000002        0x2 ./BSP/BSP_PWM.o
                0x0000000020000002                duty_num1
 .data.uart_order1
                0x0000000020000004        0x4 ./BSP/BSP_UART.o
                0x0000000020000004                uart_order1
 .data.SystemCoreClock
                0x0000000020000008        0x4 ./Core/Src/system_stm32f4xx.o
                0x0000000020000008                SystemCoreClock
 .data.uwTickPrio
                0x000000002000000c        0x4 ./Drivers/STM32F4xx_HAL_Driver/Src/stm32f4xx_hal.o
                0x000000002000000c                uwTickPrio
 .data.uwTickFreq
                0x0000000020000010        0x1 ./Drivers/STM32F4xx_HAL_Driver/Src/stm32f4xx_hal.o
                0x0000000020000010                uwTickFreq
 *(.RamFunc)
 *(.RamFunc*)
                0x0000000020000014                . = ALIGN (0x4)
 *fill*         0x0000000020000011        0x3 
                0x0000000020000014                _edata = .

.igot.plt       0x0000000020000014        0x0 load address 0x0000000008003c68
 .igot.plt      0x0000000020000014        0x0 D:/software/stm32cubide/STM32CubeIDE_1.13.2/STM32CubeIDE/plugins/com.st.stm32cube.ide.mcu.externaltools.gnu-tools-for-stm32.11.3.rel1.win32_1.1.1.202309131626/tools/bin/../lib/gcc/arm-none-eabi/11.3.1/thumb/v7e-m+fp/hard/crtbegin.o
                0x0000000020000014                . = ALIGN (0x4)

.bss            0x0000000020000014      0x2b4 load address 0x0000000008003c68
                0x0000000020000014                _sbss = .
                0x0000000020000014                __bss_start__ = _sbss
 *(.bss)
 .bss           0x0000000020000014       0x1c D:/software/stm32cubide/STM32CubeIDE_1.13.2/STM32CubeIDE/plugins/com.st.stm32cube.ide.mcu.externaltools.gnu-tools-for-stm32.11.3.rel1.win32_1.1.1.202309131626/tools/bin/../lib/gcc/arm-none-eabi/11.3.1/thumb/v7e-m+fp/hard/crtbegin.o
 *(.bss*)
 .bss.pwm_flag  0x0000000020000030        0x1 ./BSP/BSP_PWM.o
                0x0000000020000030                pwm_flag
 .bss.uart_oder
                0x0000000020000031        0x1 ./BSP/BSP_UART.o
                0x0000000020000031                uart_oder
 *fill*         0x0000000020000032        0x2 
 .bss.RxBuffer  0x0000000020000034      0x100 ./BSP/BSP_UART.o
                0x0000000020000034                RxBuffer
 .bss.aRxBuffer
                0x0000000020000134        0x1 ./BSP/BSP_UART.o
                0x0000000020000134                aRxBuffer
 .bss.Uart1_Rx_Cnt
                0x0000000020000135        0x1 ./BSP/BSP_UART.o
 *fill*         0x0000000020000136        0x2 
 .bss.Rx_SIG    0x0000000020000138      0x100 ./BSP/BSP_UART.o
                0x0000000020000138                Rx_SIG
 .bss.htim3     0x0000000020000238       0x48 ./Core/Src/tim.o
                0x0000000020000238                htim3
 .bss.huart1    0x0000000020000280       0x44 ./Core/Src/usart.o
                0x0000000020000280                huart1
 .bss.uwTick    0x00000000200002c4        0x4 ./Drivers/STM32F4xx_HAL_Driver/Src/stm32f4xx_hal.o
                0x00000000200002c4                uwTick
 *(COMMON)
                0x00000000200002c8                . = ALIGN (0x4)
                0x00000000200002c8                _ebss = .
                0x00000000200002c8                __bss_end__ = _ebss

._user_heap_stack
                0x00000000200002c8      0x600 load address 0x0000000008003c68
                0x00000000200002c8                . = ALIGN (0x8)
                [!provide]                        PROVIDE (end = .)
                0x00000000200002c8                PROVIDE (_end = .)
                0x00000000200004c8                . = (. + _Min_Heap_Size)
 *fill*         0x00000000200002c8      0x200 
                0x00000000200008c8                . = (. + _Min_Stack_Size)
 *fill*         0x00000000200004c8      0x400 
                0x00000000200008c8                . = ALIGN (0x8)

/DISCARD/
 libc.a(*)
 libm.a(*)
 libgcc.a(*)

.ARM.attributes
                0x0000000000000000       0x30
 *(.ARM.attributes)
 .ARM.attributes
                0x0000000000000000       0x1e D:/software/stm32cubide/STM32CubeIDE_1.13.2/STM32CubeIDE/plugins/com.st.stm32cube.ide.mcu.externaltools.gnu-tools-for-stm32.11.3.rel1.win32_1.1.1.202309131626/tools/bin/../lib/gcc/arm-none-eabi/11.3.1/thumb/v7e-m+fp/hard/crti.o
 .ARM.attributes
                0x000000000000001e       0x34 D:/software/stm32cubide/STM32CubeIDE_1.13.2/STM32CubeIDE/plugins/com.st.stm32cube.ide.mcu.externaltools.gnu-tools-for-stm32.11.3.rel1.win32_1.1.1.202309131626/tools/bin/../lib/gcc/arm-none-eabi/11.3.1/thumb/v7e-m+fp/hard/crtbegin.o
 .ARM.attributes
                0x0000000000000052       0x34 ./API/API_KEY.o
 .ARM.attributes
                0x0000000000000086       0x34 ./API/API_LED.o
 .ARM.attributes
                0x00000000000000ba       0x34 ./APP/APP.o
 .ARM.attributes
                0x00000000000000ee       0x34 ./BSP/BSP_KEY.o
 .ARM.attributes
                0x0000000000000122       0x34 ./BSP/BSP_LED.o
 .ARM.attributes
                0x0000000000000156       0x34 ./BSP/BSP_PWM.o
 .ARM.attributes
                0x000000000000018a       0x34 ./BSP/BSP_UART.o
 .ARM.attributes
                0x00000000000001be       0x34 ./Core/Src/gpio.o
 .ARM.attributes
                0x00000000000001f2       0x34 ./Core/Src/main.o
 .ARM.attributes
                0x0000000000000226       0x34 ./Core/Src/stm32f4xx_hal_msp.o
 .ARM.attributes
                0x000000000000025a       0x34 ./Core/Src/stm32f4xx_it.o
 .ARM.attributes
                0x000000000000028e       0x34 ./Core/Src/system_stm32f4xx.o
 .ARM.attributes
                0x00000000000002c2       0x34 ./Core/Src/tim.o
 .ARM.attributes
                0x00000000000002f6       0x34 ./Core/Src/usart.o
 .ARM.attributes
                0x000000000000032a       0x21 ./Core/Startup/startup_stm32f401retx.o
 .ARM.attributes
                0x000000000000034b       0x34 ./Drivers/STM32F4xx_HAL_Driver/Src/stm32f4xx_hal.o
 .ARM.attributes
                0x000000000000037f       0x34 ./Drivers/STM32F4xx_HAL_Driver/Src/stm32f4xx_hal_cortex.o
 .ARM.attributes
                0x00000000000003b3       0x34 ./Drivers/STM32F4xx_HAL_Driver/Src/stm32f4xx_hal_dma.o
 .ARM.attributes
                0x00000000000003e7       0x34 ./Drivers/STM32F4xx_HAL_Driver/Src/stm32f4xx_hal_gpio.o
 .ARM.attributes
                0x000000000000041b       0x34 ./Drivers/STM32F4xx_HAL_Driver/Src/stm32f4xx_hal_rcc.o
 .ARM.attributes
                0x000000000000044f       0x34 ./Drivers/STM32F4xx_HAL_Driver/Src/stm32f4xx_hal_tim.o
 .ARM.attributes
                0x0000000000000483       0x34 ./Drivers/STM32F4xx_HAL_Driver/Src/stm32f4xx_hal_tim_ex.o
 .ARM.attributes
                0x00000000000004b7       0x34 ./Drivers/STM32F4xx_HAL_Driver/Src/stm32f4xx_hal_uart.o
 .ARM.attributes
                0x00000000000004eb       0x34 D:/software/stm32cubide/STM32CubeIDE_1.13.2/STM32CubeIDE/plugins/com.st.stm32cube.ide.mcu.externaltools.gnu-tools-for-stm32.11.3.rel1.win32_1.1.1.202309131626/tools/bin/../lib/gcc/arm-none-eabi/11.3.1/../../../../arm-none-eabi/lib/thumb/v7e-m+fp/hard\libc_nano.a(libc_a-memset.o)
 .ARM.attributes
                0x000000000000051f       0x34 D:/software/stm32cubide/STM32CubeIDE_1.13.2/STM32CubeIDE/plugins/com.st.stm32cube.ide.mcu.externaltools.gnu-tools-for-stm32.11.3.rel1.win32_1.1.1.202309131626/tools/bin/../lib/gcc/arm-none-eabi/11.3.1/../../../../arm-none-eabi/lib/thumb/v7e-m+fp/hard\libc_nano.a(libc_a-init.o)
 .ARM.attributes
                0x0000000000000553       0x34 D:/software/stm32cubide/STM32CubeIDE_1.13.2/STM32CubeIDE/plugins/com.st.stm32cube.ide.mcu.externaltools.gnu-tools-for-stm32.11.3.rel1.win32_1.1.1.202309131626/tools/bin/../lib/gcc/arm-none-eabi/11.3.1/../../../../arm-none-eabi/lib/thumb/v7e-m+fp/hard\libc_nano.a(libc_a-strcpy.o)
 .ARM.attributes
                0x0000000000000587       0x1e D:/software/stm32cubide/STM32CubeIDE_1.13.2/STM32CubeIDE/plugins/com.st.stm32cube.ide.mcu.externaltools.gnu-tools-for-stm32.11.3.rel1.win32_1.1.1.202309131626/tools/bin/../lib/gcc/arm-none-eabi/11.3.1/thumb/v7e-m+fp/hard\libgcc.a(_aeabi_uldivmod.o)
 .ARM.attributes
                0x00000000000005a5       0x34 D:/software/stm32cubide/STM32CubeIDE_1.13.2/STM32CubeIDE/plugins/com.st.stm32cube.ide.mcu.externaltools.gnu-tools-for-stm32.11.3.rel1.win32_1.1.1.202309131626/tools/bin/../lib/gcc/arm-none-eabi/11.3.1/thumb/v7e-m+fp/hard\libgcc.a(_udivmoddi4.o)
 .ARM.attributes
                0x00000000000005d9       0x1e D:/software/stm32cubide/STM32CubeIDE_1.13.2/STM32CubeIDE/plugins/com.st.stm32cube.ide.mcu.externaltools.gnu-tools-for-stm32.11.3.rel1.win32_1.1.1.202309131626/tools/bin/../lib/gcc/arm-none-eabi/11.3.1/thumb/v7e-m+fp/hard\libgcc.a(_dvmd_tls.o)
 .ARM.attributes
                0x00000000000005f7       0x1e D:/software/stm32cubide/STM32CubeIDE_1.13.2/STM32CubeIDE/plugins/com.st.stm32cube.ide.mcu.externaltools.gnu-tools-for-stm32.11.3.rel1.win32_1.1.1.202309131626/tools/bin/../lib/gcc/arm-none-eabi/11.3.1/thumb/v7e-m+fp/hard/crtn.o
OUTPUT(demo1.elf elf32-littlearm)
LOAD linker stubs
LOAD D:/software/stm32cubide/STM32CubeIDE_1.13.2/STM32CubeIDE/plugins/com.st.stm32cube.ide.mcu.externaltools.gnu-tools-for-stm32.11.3.rel1.win32_1.1.1.202309131626/tools/bin/../lib/gcc/arm-none-eabi/11.3.1/../../../../arm-none-eabi/lib/thumb/v7e-m+fp/hard\libc.a
LOAD D:/software/stm32cubide/STM32CubeIDE_1.13.2/STM32CubeIDE/plugins/com.st.stm32cube.ide.mcu.externaltools.gnu-tools-for-stm32.11.3.rel1.win32_1.1.1.202309131626/tools/bin/../lib/gcc/arm-none-eabi/11.3.1/../../../../arm-none-eabi/lib/thumb/v7e-m+fp/hard\libm.a
LOAD D:/software/stm32cubide/STM32CubeIDE_1.13.2/STM32CubeIDE/plugins/com.st.stm32cube.ide.mcu.externaltools.gnu-tools-for-stm32.11.3.rel1.win32_1.1.1.202309131626/tools/bin/../lib/gcc/arm-none-eabi/11.3.1/thumb/v7e-m+fp/hard\libgcc.a

.comment        0x0000000000000000       0x43
 .comment       0x0000000000000000       0x43 D:/software/stm32cubide/STM32CubeIDE_1.13.2/STM32CubeIDE/plugins/com.st.stm32cube.ide.mcu.externaltools.gnu-tools-for-stm32.11.3.rel1.win32_1.1.1.202309131626/tools/bin/../lib/gcc/arm-none-eabi/11.3.1/thumb/v7e-m+fp/hard/crtbegin.o
                                         0x44 (size before relaxing)
 .comment       0x0000000000000043       0x44 ./API/API_KEY.o
 .comment       0x0000000000000043       0x44 ./API/API_LED.o
 .comment       0x0000000000000043       0x44 ./APP/APP.o
 .comment       0x0000000000000043       0x44 ./BSP/BSP_KEY.o
 .comment       0x0000000000000043       0x44 ./BSP/BSP_LED.o
 .comment       0x0000000000000043       0x44 ./BSP/BSP_PWM.o
 .comment       0x0000000000000043       0x44 ./BSP/BSP_UART.o
 .comment       0x0000000000000043       0x44 ./Core/Src/gpio.o
 .comment       0x0000000000000043       0x44 ./Core/Src/main.o
 .comment       0x0000000000000043       0x44 ./Core/Src/stm32f4xx_hal_msp.o
 .comment       0x0000000000000043       0x44 ./Core/Src/stm32f4xx_it.o
 .comment       0x0000000000000043       0x44 ./Core/Src/system_stm32f4xx.o
 .comment       0x0000000000000043       0x44 ./Core/Src/tim.o
 .comment       0x0000000000000043       0x44 ./Core/Src/usart.o
 .comment       0x0000000000000043       0x44 ./Drivers/STM32F4xx_HAL_Driver/Src/stm32f4xx_hal.o
 .comment       0x0000000000000043       0x44 ./Drivers/STM32F4xx_HAL_Driver/Src/stm32f4xx_hal_cortex.o
 .comment       0x0000000000000043       0x44 ./Drivers/STM32F4xx_HAL_Driver/Src/stm32f4xx_hal_dma.o
 .comment       0x0000000000000043       0x44 ./Drivers/STM32F4xx_HAL_Driver/Src/stm32f4xx_hal_gpio.o
 .comment       0x0000000000000043       0x44 ./Drivers/STM32F4xx_HAL_Driver/Src/stm32f4xx_hal_rcc.o
 .comment       0x0000000000000043       0x44 ./Drivers/STM32F4xx_HAL_Driver/Src/stm32f4xx_hal_tim.o
 .comment       0x0000000000000043       0x44 ./Drivers/STM32F4xx_HAL_Driver/Src/stm32f4xx_hal_tim_ex.o
 .comment       0x0000000000000043       0x44 ./Drivers/STM32F4xx_HAL_Driver/Src/stm32f4xx_hal_uart.o

.debug_info     0x0000000000000000     0xee25
 .debug_info    0x0000000000000000      0x124 ./API/API_KEY.o
 .debug_info    0x0000000000000124      0x106 ./API/API_LED.o
 .debug_info    0x000000000000022a       0xe9 ./APP/APP.o
 .debug_info    0x0000000000000313      0x1ff ./BSP/BSP_KEY.o
 .debug_info    0x0000000000000512      0x1d2 ./BSP/BSP_LED.o
 .debug_info    0x00000000000006e4      0x68e ./BSP/BSP_PWM.o
 .debug_info    0x0000000000000d72      0xe44 ./BSP/BSP_UART.o
 .debug_info    0x0000000000001bb6      0x3fb ./Core/Src/gpio.o
 .debug_info    0x0000000000001fb1      0xd6f ./Core/Src/main.o
 .debug_info    0x0000000000002d20      0x291 ./Core/Src/stm32f4xx_hal_msp.o
 .debug_info    0x0000000000002fb1      0x622 ./Core/Src/stm32f4xx_it.o
 .debug_info    0x00000000000035d3      0x53e ./Core/Src/system_stm32f4xx.o
 .debug_info    0x0000000000003b11      0xc03 ./Core/Src/tim.o
 .debug_info    0x0000000000004714      0xb0a ./Core/Src/usart.o
 .debug_info    0x000000000000521e       0x23 ./Core/Startup/startup_stm32f401retx.o
 .debug_info    0x0000000000005241      0x8bb ./Drivers/STM32F4xx_HAL_Driver/Src/stm32f4xx_hal.o
 .debug_info    0x0000000000005afc      0xcb0 ./Drivers/STM32F4xx_HAL_Driver/Src/stm32f4xx_hal_cortex.o
 .debug_info    0x00000000000067ac      0x8e6 ./Drivers/STM32F4xx_HAL_Driver/Src/stm32f4xx_hal_dma.o
 .debug_info    0x0000000000007092      0x6f9 ./Drivers/STM32F4xx_HAL_Driver/Src/stm32f4xx_hal_gpio.o
 .debug_info    0x000000000000778b      0x8f3 ./Drivers/STM32F4xx_HAL_Driver/Src/stm32f4xx_hal_rcc.o
 .debug_info    0x000000000000807e     0x2941 ./Drivers/STM32F4xx_HAL_Driver/Src/stm32f4xx_hal_tim.o
 .debug_info    0x000000000000a9bf     0x14a7 ./Drivers/STM32F4xx_HAL_Driver/Src/stm32f4xx_hal_tim_ex.o
 .debug_info    0x000000000000be66     0x2fbf ./Drivers/STM32F4xx_HAL_Driver/Src/stm32f4xx_hal_uart.o

.debug_abbrev   0x0000000000000000     0x2772
 .debug_abbrev  0x0000000000000000       0xc9 ./API/API_KEY.o
 .debug_abbrev  0x00000000000000c9       0x8a ./API/API_LED.o
 .debug_abbrev  0x0000000000000153       0x7e ./APP/APP.o
 .debug_abbrev  0x00000000000001d1      0x13e ./BSP/BSP_KEY.o
 .debug_abbrev  0x000000000000030f       0xf4 ./BSP/BSP_LED.o
 .debug_abbrev  0x0000000000000403      0x188 ./BSP/BSP_PWM.o
 .debug_abbrev  0x000000000000058b      0x25f ./BSP/BSP_UART.o
 .debug_abbrev  0x00000000000007ea      0x151 ./Core/Src/gpio.o
 .debug_abbrev  0x000000000000093b      0x23f ./Core/Src/main.o
 .debug_abbrev  0x0000000000000b7a       0xd8 ./Core/Src/stm32f4xx_hal_msp.o
 .debug_abbrev  0x0000000000000c52      0x182 ./Core/Src/stm32f4xx_it.o
 .debug_abbrev  0x0000000000000dd4      0x11a ./Core/Src/system_stm32f4xx.o
 .debug_abbrev  0x0000000000000eee      0x212 ./Core/Src/tim.o
 .debug_abbrev  0x0000000000001100      0x217 ./Core/Src/usart.o
 .debug_abbrev  0x0000000000001317       0x12 ./Core/Startup/startup_stm32f401retx.o
 .debug_abbrev  0x0000000000001329      0x24b ./Drivers/STM32F4xx_HAL_Driver/Src/stm32f4xx_hal.o
 .debug_abbrev  0x0000000000001574      0x327 ./Drivers/STM32F4xx_HAL_Driver/Src/stm32f4xx_hal_cortex.o
 .debug_abbrev  0x000000000000189b      0x221 ./Drivers/STM32F4xx_HAL_Driver/Src/stm32f4xx_hal_dma.o
 .debug_abbrev  0x0000000000001abc      0x1d3 ./Drivers/STM32F4xx_HAL_Driver/Src/stm32f4xx_hal_gpio.o
 .debug_abbrev  0x0000000000001c8f      0x2b5 ./Drivers/STM32F4xx_HAL_Driver/Src/stm32f4xx_hal_rcc.o
 .debug_abbrev  0x0000000000001f44      0x284 ./Drivers/STM32F4xx_HAL_Driver/Src/stm32f4xx_hal_tim.o
 .debug_abbrev  0x00000000000021c8      0x28f ./Drivers/STM32F4xx_HAL_Driver/Src/stm32f4xx_hal_tim_ex.o
 .debug_abbrev  0x0000000000002457      0x31b ./Drivers/STM32F4xx_HAL_Driver/Src/stm32f4xx_hal_uart.o

.debug_aranges  0x0000000000000000      0xd70
 .debug_aranges
                0x0000000000000000       0x30 ./API/API_KEY.o
 .debug_aranges
                0x0000000000000030       0x38 ./API/API_LED.o
 .debug_aranges
                0x0000000000000068       0x20 ./APP/APP.o
 .debug_aranges
                0x0000000000000088       0x20 ./BSP/BSP_KEY.o
 .debug_aranges
                0x00000000000000a8       0x30 ./BSP/BSP_LED.o
 .debug_aranges
                0x00000000000000d8       0x20 ./BSP/BSP_PWM.o
 .debug_aranges
                0x00000000000000f8       0x38 ./BSP/BSP_UART.o
 .debug_aranges
                0x0000000000000130       0x20 ./Core/Src/gpio.o
 .debug_aranges
                0x0000000000000150       0x30 ./Core/Src/main.o
 .debug_aranges
                0x0000000000000180       0x20 ./Core/Src/stm32f4xx_hal_msp.o
 .debug_aranges
                0x00000000000001a0       0x68 ./Core/Src/stm32f4xx_it.o
 .debug_aranges
                0x0000000000000208       0x28 ./Core/Src/system_stm32f4xx.o
 .debug_aranges
                0x0000000000000230       0x38 ./Core/Src/tim.o
 .debug_aranges
                0x0000000000000268       0x30 ./Core/Src/usart.o
 .debug_aranges
                0x0000000000000298       0x28 ./Core/Startup/startup_stm32f401retx.o
 .debug_aranges
                0x00000000000002c0       0xf0 ./Drivers/STM32F4xx_HAL_Driver/Src/stm32f4xx_hal.o
 .debug_aranges
                0x00000000000003b0      0x118 ./Drivers/STM32F4xx_HAL_Driver/Src/stm32f4xx_hal_cortex.o
 .debug_aranges
                0x00000000000004c8       0x90 ./Drivers/STM32F4xx_HAL_Driver/Src/stm32f4xx_hal_dma.o
 .debug_aranges
                0x0000000000000558       0x58 ./Drivers/STM32F4xx_HAL_Driver/Src/stm32f4xx_hal_gpio.o
 .debug_aranges
                0x00000000000005b0       0x88 ./Drivers/STM32F4xx_HAL_Driver/Src/stm32f4xx_hal_rcc.o
 .debug_aranges
                0x0000000000000638      0x3d0 ./Drivers/STM32F4xx_HAL_Driver/Src/stm32f4xx_hal_tim.o
 .debug_aranges
                0x0000000000000a08      0x168 ./Drivers/STM32F4xx_HAL_Driver/Src/stm32f4xx_hal_tim_ex.o
 .debug_aranges
                0x0000000000000b70      0x200 ./Drivers/STM32F4xx_HAL_Driver/Src/stm32f4xx_hal_uart.o

.debug_rnglists
                0x0000000000000000      0xa53
 .debug_rnglists
                0x0000000000000000       0x1f ./API/API_KEY.o
 .debug_rnglists
                0x000000000000001f       0x25 ./API/API_LED.o
 .debug_rnglists
                0x0000000000000044       0x13 ./APP/APP.o
 .debug_rnglists
                0x0000000000000057       0x13 ./BSP/BSP_KEY.o
 .debug_rnglists
                0x000000000000006a       0x1f ./BSP/BSP_LED.o
 .debug_rnglists
                0x0000000000000089       0x13 ./BSP/BSP_PWM.o
 .debug_rnglists
                0x000000000000009c       0x26 ./BSP/BSP_UART.o
 .debug_rnglists
                0x00000000000000c2       0x14 ./Core/Src/gpio.o
 .debug_rnglists
                0x00000000000000d6       0x20 ./Core/Src/main.o
 .debug_rnglists
                0x00000000000000f6       0x13 ./Core/Src/stm32f4xx_hal_msp.o
 .debug_rnglists
                0x0000000000000109       0x49 ./Core/Src/stm32f4xx_it.o
 .debug_rnglists
                0x0000000000000152       0x1a ./Core/Src/system_stm32f4xx.o
 .debug_rnglists
                0x000000000000016c       0x26 ./Core/Src/tim.o
 .debug_rnglists
                0x0000000000000192       0x20 ./Core/Src/usart.o
 .debug_rnglists
                0x00000000000001b2       0x19 ./Core/Startup/startup_stm32f401retx.o
 .debug_rnglists
                0x00000000000001cb       0xaf ./Drivers/STM32F4xx_HAL_Driver/Src/stm32f4xx_hal.o
 .debug_rnglists
                0x000000000000027a       0xce ./Drivers/STM32F4xx_HAL_Driver/Src/stm32f4xx_hal_cortex.o
 .debug_rnglists
                0x0000000000000348       0x70 ./Drivers/STM32F4xx_HAL_Driver/Src/stm32f4xx_hal_dma.o
 .debug_rnglists
                0x00000000000003b8       0x3f ./Drivers/STM32F4xx_HAL_Driver/Src/stm32f4xx_hal_gpio.o
 .debug_rnglists
                0x00000000000003f7       0x66 ./Drivers/STM32F4xx_HAL_Driver/Src/stm32f4xx_hal_rcc.o
 .debug_rnglists
                0x000000000000045d      0x31a ./Drivers/STM32F4xx_HAL_Driver/Src/stm32f4xx_hal_tim.o
 .debug_rnglists
                0x0000000000000777      0x125 ./Drivers/STM32F4xx_HAL_Driver/Src/stm32f4xx_hal_tim_ex.o
 .debug_rnglists
                0x000000000000089c      0x1b7 ./Drivers/STM32F4xx_HAL_Driver/Src/stm32f4xx_hal_uart.o

.debug_macro    0x0000000000000000    0x176f9
 .debug_macro   0x0000000000000000      0x1fe ./API/API_KEY.o
 .debug_macro   0x00000000000001fe      0xaa8 ./API/API_KEY.o
 .debug_macro   0x0000000000000ca6      0x29b ./API/API_KEY.o
 .debug_macro   0x0000000000000f41       0x2e ./API/API_KEY.o
 .debug_macro   0x0000000000000f6f       0x28 ./API/API_KEY.o
 .debug_macro   0x0000000000000f97       0x22 ./API/API_KEY.o
 .debug_macro   0x0000000000000fb9       0x8e ./API/API_KEY.o
 .debug_macro   0x0000000000001047       0x51 ./API/API_KEY.o
 .debug_macro   0x0000000000001098      0x103 ./API/API_KEY.o
 .debug_macro   0x000000000000119b       0x6a ./API/API_KEY.o
 .debug_macro   0x0000000000001205      0x1df ./API/API_KEY.o
 .debug_macro   0x00000000000013e4       0x1c ./API/API_KEY.o
 .debug_macro   0x0000000000001400       0x22 ./API/API_KEY.o
 .debug_macro   0x0000000000001422       0xd9 ./API/API_KEY.o
 .debug_macro   0x00000000000014fb     0x102d ./API/API_KEY.o
 .debug_macro   0x0000000000002528      0x11f ./API/API_KEY.o
 .debug_macro   0x0000000000002647     0xb86c ./API/API_KEY.o
 .debug_macro   0x000000000000deb3       0x6d ./API/API_KEY.o
 .debug_macro   0x000000000000df20     0x367e ./API/API_KEY.o
 .debug_macro   0x000000000001159e      0x174 ./API/API_KEY.o
 .debug_macro   0x0000000000011712       0x5c ./API/API_KEY.o
 .debug_macro   0x000000000001176e      0x416 ./API/API_KEY.o
 .debug_macro   0x0000000000011b84      0x9fe ./API/API_KEY.o
 .debug_macro   0x0000000000012582      0x115 ./API/API_KEY.o
 .debug_macro   0x0000000000012697       0xf8 ./API/API_KEY.o
 .debug_macro   0x000000000001278f       0xa5 ./API/API_KEY.o
 .debug_macro   0x0000000000012834      0x15f ./API/API_KEY.o
 .debug_macro   0x0000000000012993      0x287 ./API/API_KEY.o
 .debug_macro   0x0000000000012c1a       0x5f ./API/API_KEY.o
 .debug_macro   0x0000000000012c79      0x236 ./API/API_KEY.o
 .debug_macro   0x0000000000012eaf      0x132 ./API/API_KEY.o
 .debug_macro   0x0000000000012fe1      0x264 ./API/API_KEY.o
 .debug_macro   0x0000000000013245       0x2e ./API/API_KEY.o
 .debug_macro   0x0000000000013273      0x11a ./API/API_KEY.o
 .debug_macro   0x000000000001338d       0x85 ./API/API_KEY.o
 .debug_macro   0x0000000000013412       0x89 ./API/API_KEY.o
 .debug_macro   0x000000000001349b      0x8e6 ./API/API_KEY.o
 .debug_macro   0x0000000000013d81       0x47 ./API/API_KEY.o
 .debug_macro   0x0000000000013dc8      0x295 ./API/API_KEY.o
 .debug_macro   0x000000000001405d      0x126 ./API/API_KEY.o
 .debug_macro   0x0000000000014183       0x16 ./API/API_KEY.o
 .debug_macro   0x0000000000014199       0x16 ./API/API_KEY.o
 .debug_macro   0x00000000000141af      0x1f1 ./API/API_LED.o
 .debug_macro   0x00000000000143a0       0x10 ./API/API_LED.o
 .debug_macro   0x00000000000143b0      0x356 ./APP/APP.o
 .debug_macro   0x0000000000014706       0x61 ./APP/APP.o
 .debug_macro   0x0000000000014767       0x2a ./APP/APP.o
 .debug_macro   0x0000000000014791       0x43 ./APP/APP.o
 .debug_macro   0x00000000000147d4       0x34 ./APP/APP.o
 .debug_macro   0x0000000000014808       0x16 ./APP/APP.o
 .debug_macro   0x000000000001481e       0x43 ./APP/APP.o
 .debug_macro   0x0000000000014861       0x34 ./APP/APP.o
 .debug_macro   0x0000000000014895       0x10 ./APP/APP.o
 .debug_macro   0x00000000000148a5       0x58 ./APP/APP.o
 .debug_macro   0x00000000000148fd       0x8e ./APP/APP.o
 .debug_macro   0x000000000001498b       0x1c ./APP/APP.o
 .debug_macro   0x00000000000149a7      0x177 ./APP/APP.o
 .debug_macro   0x0000000000014b1e      0x369 ./APP/APP.o
 .debug_macro   0x0000000000014e87       0x10 ./APP/APP.o
 .debug_macro   0x0000000000014e97       0x35 ./APP/APP.o
 .debug_macro   0x0000000000014ecc       0x20 ./APP/APP.o
 .debug_macro   0x0000000000014eec       0x1c ./APP/APP.o
 .debug_macro   0x0000000000014f08       0x10 ./APP/APP.o
 .debug_macro   0x0000000000014f18       0x1c ./APP/APP.o
 .debug_macro   0x0000000000014f34       0x16 ./APP/APP.o
 .debug_macro   0x0000000000014f4a      0x147 ./APP/APP.o
 .debug_macro   0x0000000000015091      0x1f0 ./BSP/BSP_KEY.o
 .debug_macro   0x0000000000015281      0x1e7 ./BSP/BSP_LED.o
 .debug_macro   0x0000000000015468      0x204 ./BSP/BSP_PWM.o
 .debug_macro   0x000000000001566c      0x2f4 ./BSP/BSP_UART.o
 .debug_macro   0x0000000000015960      0x1e2 ./Core/Src/gpio.o
 .debug_macro   0x0000000000015b42      0x359 ./Core/Src/main.o
 .debug_macro   0x0000000000015e9b       0x10 ./Core/Src/main.o
 .debug_macro   0x0000000000015eab      0x1d8 ./Core/Src/stm32f4xx_hal_msp.o
 .debug_macro   0x0000000000016083      0x1e2 ./Core/Src/stm32f4xx_it.o
 .debug_macro   0x0000000000016265      0x1ce ./Core/Src/system_stm32f4xx.o
 .debug_macro   0x0000000000016433      0x1e2 ./Core/Src/tim.o
 .debug_macro   0x0000000000016615      0x1e2 ./Core/Src/usart.o
 .debug_macro   0x00000000000167f7      0x22e ./Drivers/STM32F4xx_HAL_Driver/Src/stm32f4xx_hal.o
 .debug_macro   0x0000000000016a25      0x1ce ./Drivers/STM32F4xx_HAL_Driver/Src/stm32f4xx_hal_cortex.o
 .debug_macro   0x0000000000016bf3      0x1d4 ./Drivers/STM32F4xx_HAL_Driver/Src/stm32f4xx_hal_dma.o
 .debug_macro   0x0000000000016dc7      0x1d4 ./Drivers/STM32F4xx_HAL_Driver/Src/stm32f4xx_hal_gpio.o
 .debug_macro   0x0000000000016f9b      0x1f2 ./Drivers/STM32F4xx_HAL_Driver/Src/stm32f4xx_hal_rcc.o
 .debug_macro   0x000000000001718d      0x1cf ./Drivers/STM32F4xx_HAL_Driver/Src/stm32f4xx_hal_tim.o
 .debug_macro   0x000000000001735c      0x1ce ./Drivers/STM32F4xx_HAL_Driver/Src/stm32f4xx_hal_tim_ex.o
 .debug_macro   0x000000000001752a      0x1cf ./Drivers/STM32F4xx_HAL_Driver/Src/stm32f4xx_hal_uart.o

.debug_line     0x0000000000000000    0x13c03
 .debug_line    0x0000000000000000      0x85a ./API/API_KEY.o
 .debug_line    0x000000000000085a      0x85e ./API/API_LED.o
 .debug_line    0x00000000000010b8      0xb1d ./APP/APP.o
 .debug_line    0x0000000000001bd5      0x81b ./BSP/BSP_KEY.o
 .debug_line    0x00000000000023f0      0x814 ./BSP/BSP_LED.o
 .debug_line    0x0000000000002c04      0x831 ./BSP/BSP_PWM.o
 .debug_line    0x0000000000003435      0xb1b ./BSP/BSP_UART.o
 .debug_line    0x0000000000003f50      0x80f ./Core/Src/gpio.o
 .debug_line    0x000000000000475f      0xbca ./Core/Src/main.o
 .debug_line    0x0000000000005329      0x7ea ./Core/Src/stm32f4xx_hal_msp.o
 .debug_line    0x0000000000005b13      0x8c4 ./Core/Src/stm32f4xx_it.o
 .debug_line    0x00000000000063d7      0x86b ./Core/Src/system_stm32f4xx.o
 .debug_line    0x0000000000006c42      0x8a5 ./Core/Src/tim.o
 .debug_line    0x00000000000074e7      0x856 ./Core/Src/usart.o
 .debug_line    0x0000000000007d3d       0x7a ./Core/Startup/startup_stm32f401retx.o
 .debug_line    0x0000000000007db7      0xad1 ./Drivers/STM32F4xx_HAL_Driver/Src/stm32f4xx_hal.o
 .debug_line    0x0000000000008888      0xd80 ./Drivers/STM32F4xx_HAL_Driver/Src/stm32f4xx_hal_cortex.o
 .debug_line    0x0000000000009608     0x1035 ./Drivers/STM32F4xx_HAL_Driver/Src/stm32f4xx_hal_dma.o
 .debug_line    0x000000000000a63d      0xc09 ./Drivers/STM32F4xx_HAL_Driver/Src/stm32f4xx_hal_gpio.o
 .debug_line    0x000000000000b246      0xe4a ./Drivers/STM32F4xx_HAL_Driver/Src/stm32f4xx_hal_rcc.o
 .debug_line    0x000000000000c090     0x3597 ./Drivers/STM32F4xx_HAL_Driver/Src/stm32f4xx_hal_tim.o
 .debug_line    0x000000000000f627     0x1a69 ./Drivers/STM32F4xx_HAL_Driver/Src/stm32f4xx_hal_tim_ex.o
 .debug_line    0x0000000000011090     0x2b73 ./Drivers/STM32F4xx_HAL_Driver/Src/stm32f4xx_hal_uart.o

.debug_str      0x0000000000000000    0x8d287
 .debug_str     0x0000000000000000    0x85c25 ./API/API_KEY.o
                                      0x85e9e (size before relaxing)
 .debug_str     0x0000000000085c25       0x8c ./API/API_LED.o
                                      0x85e85 (size before relaxing)
 .debug_str     0x0000000000085cb1     0x382f ./APP/APP.o
                                      0x8967d (size before relaxing)
 .debug_str     0x00000000000894e0       0x95 ./BSP/BSP_KEY.o
                                      0x85eda (size before relaxing)
 .debug_str     0x0000000000089575       0x36 ./BSP/BSP_LED.o
                                      0x85eb8 (size before relaxing)
 .debug_str     0x00000000000895ab      0x4a7 ./BSP/BSP_PWM.o
                                      0x8635d (size before relaxing)
 .debug_str     0x0000000000089a52      0x5b8 ./BSP/BSP_UART.o
                                      0x89e0c (size before relaxing)
 .debug_str     0x000000000008a00a      0x174 ./Core/Src/gpio.o
                                      0x85faf (size before relaxing)
 .debug_str     0x000000000008a17e      0x1da ./Core/Src/main.o
                                      0x8a0b0 (size before relaxing)
 .debug_str     0x000000000008a358       0x2c ./Core/Src/stm32f4xx_hal_msp.o
                                      0x85ee4 (size before relaxing)
 .debug_str     0x000000000008a384       0xef ./Core/Src/stm32f4xx_it.o
                                      0x862e0 (size before relaxing)
 .debug_str     0x000000000008a473       0xdb ./Core/Src/system_stm32f4xx.o
                                      0x85f94 (size before relaxing)
 .debug_str     0x000000000008a54e      0x1ea ./Core/Src/tim.o
                                      0x866cf (size before relaxing)
 .debug_str     0x000000000008a738      0x429 ./Core/Src/usart.o
                                      0x86816 (size before relaxing)
 .debug_str     0x000000000008ab61       0x34 ./Core/Startup/startup_stm32f401retx.o
                                         0x55 (size before relaxing)
 .debug_str     0x000000000008ab95      0x60d ./Drivers/STM32F4xx_HAL_Driver/Src/stm32f4xx_hal.o
                                      0x869b6 (size before relaxing)
 .debug_str     0x000000000008b1a2      0x32d ./Drivers/STM32F4xx_HAL_Driver/Src/stm32f4xx_hal_cortex.o
                                      0x866d7 (size before relaxing)
 .debug_str     0x000000000008b4cf      0x31d ./Drivers/STM32F4xx_HAL_Driver/Src/stm32f4xx_hal_dma.o
                                      0x8639c (size before relaxing)
 .debug_str     0x000000000008b7ec       0xfd ./Drivers/STM32F4xx_HAL_Driver/Src/stm32f4xx_hal_gpio.o
                                      0x8610f (size before relaxing)
 .debug_str     0x000000000008b8e9      0x233 ./Drivers/STM32F4xx_HAL_Driver/Src/stm32f4xx_hal_rcc.o
                                      0x863c8 (size before relaxing)
 .debug_str     0x000000000008bb1c      0xd57 ./Drivers/STM32F4xx_HAL_Driver/Src/stm32f4xx_hal_tim.o
                                      0x872fc (size before relaxing)
 .debug_str     0x000000000008c873      0x493 ./Drivers/STM32F4xx_HAL_Driver/Src/stm32f4xx_hal_tim_ex.o
                                      0x86b18 (size before relaxing)
 .debug_str     0x000000000008cd06      0x581 ./Drivers/STM32F4xx_HAL_Driver/Src/stm32f4xx_hal_uart.o
                                      0x86955 (size before relaxing)

.debug_frame    0x0000000000000000     0x3568
 .debug_frame   0x0000000000000000       0x6c ./API/API_KEY.o
 .debug_frame   0x000000000000006c       0x80 ./API/API_LED.o
 .debug_frame   0x00000000000000ec       0x2c ./APP/APP.o
 .debug_frame   0x0000000000000118       0x34 ./BSP/BSP_KEY.o
 .debug_frame   0x000000000000014c       0x64 ./BSP/BSP_LED.o
 .debug_frame   0x00000000000001b0       0x2c ./BSP/BSP_PWM.o
 .debug_frame   0x00000000000001dc       0x9c ./BSP/BSP_UART.o
 .debug_frame   0x0000000000000278       0x34 ./Core/Src/gpio.o
 .debug_frame   0x00000000000002ac       0x68 ./Core/Src/main.o
 .debug_frame   0x0000000000000314       0x38 ./Core/Src/stm32f4xx_hal_msp.o
 .debug_frame   0x000000000000034c      0x120 ./Core/Src/stm32f4xx_it.o
 .debug_frame   0x000000000000046c       0x58 ./Core/Src/system_stm32f4xx.o
 .debug_frame   0x00000000000004c4       0xa8 ./Core/Src/tim.o
 .debug_frame   0x000000000000056c       0x74 ./Core/Src/usart.o
 .debug_frame   0x00000000000005e0      0x374 ./Drivers/STM32F4xx_HAL_Driver/Src/stm32f4xx_hal.o
 .debug_frame   0x0000000000000954      0x498 ./Drivers/STM32F4xx_HAL_Driver/Src/stm32f4xx_hal_cortex.o
 .debug_frame   0x0000000000000dec      0x250 ./Drivers/STM32F4xx_HAL_Driver/Src/stm32f4xx_hal_dma.o
 .debug_frame   0x000000000000103c      0x14c ./Drivers/STM32F4xx_HAL_Driver/Src/stm32f4xx_hal_gpio.o
 .debug_frame   0x0000000000001188      0x1f4 ./Drivers/STM32F4xx_HAL_Driver/Src/stm32f4xx_hal_rcc.o
 .debug_frame   0x000000000000137c     0x11bc ./Drivers/STM32F4xx_HAL_Driver/Src/stm32f4xx_hal_tim.o
 .debug_frame   0x0000000000002538      0x638 ./Drivers/STM32F4xx_HAL_Driver/Src/stm32f4xx_hal_tim_ex.o
 .debug_frame   0x0000000000002b70      0x92c ./Drivers/STM32F4xx_HAL_Driver/Src/stm32f4xx_hal_uart.o
 .debug_frame   0x000000000000349c       0x20 D:/software/stm32cubide/STM32CubeIDE_1.13.2/STM32CubeIDE/plugins/com.st.stm32cube.ide.mcu.externaltools.gnu-tools-for-stm32.11.3.rel1.win32_1.1.1.202309131626/tools/bin/../lib/gcc/arm-none-eabi/11.3.1/../../../../arm-none-eabi/lib/thumb/v7e-m+fp/hard\libc_nano.a(libc_a-memset.o)
 .debug_frame   0x00000000000034bc       0x2c D:/software/stm32cubide/STM32CubeIDE_1.13.2/STM32CubeIDE/plugins/com.st.stm32cube.ide.mcu.externaltools.gnu-tools-for-stm32.11.3.rel1.win32_1.1.1.202309131626/tools/bin/../lib/gcc/arm-none-eabi/11.3.1/../../../../arm-none-eabi/lib/thumb/v7e-m+fp/hard\libc_nano.a(libc_a-init.o)
 .debug_frame   0x00000000000034e8       0x20 D:/software/stm32cubide/STM32CubeIDE_1.13.2/STM32CubeIDE/plugins/com.st.stm32cube.ide.mcu.externaltools.gnu-tools-for-stm32.11.3.rel1.win32_1.1.1.202309131626/tools/bin/../lib/gcc/arm-none-eabi/11.3.1/../../../../arm-none-eabi/lib/thumb/v7e-m+fp/hard\libc_nano.a(libc_a-strcpy.o)
 .debug_frame   0x0000000000003508       0x2c D:/software/stm32cubide/STM32CubeIDE_1.13.2/STM32CubeIDE/plugins/com.st.stm32cube.ide.mcu.externaltools.gnu-tools-for-stm32.11.3.rel1.win32_1.1.1.202309131626/tools/bin/../lib/gcc/arm-none-eabi/11.3.1/thumb/v7e-m+fp/hard\libgcc.a(_aeabi_uldivmod.o)
 .debug_frame   0x0000000000003534       0x34 D:/software/stm32cubide/STM32CubeIDE_1.13.2/STM32CubeIDE/plugins/com.st.stm32cube.ide.mcu.externaltools.gnu-tools-for-stm32.11.3.rel1.win32_1.1.1.202309131626/tools/bin/../lib/gcc/arm-none-eabi/11.3.1/thumb/v7e-m+fp/hard\libgcc.a(_udivmoddi4.o)

.debug_line_str
                0x0000000000000000       0x49
 .debug_line_str
                0x0000000000000000       0x49 ./Core/Startup/startup_stm32f401retx.o
                                         0x61 (size before relaxing)
